// Jest Snapshot v1, https://goo.gl/fbAQLP

exports[`PersonPage component renders PersonPage by default 1`] = `
<testContext>
  <PersonPage
    context={
      Object {
        "$$typeof": Symbol(react.context),
        "Consumer": Object {
          "$$typeof": Symbol(react.context),
          "_calculateChangedBits": null,
          "_context": [Circular],
        },
        "Provider": Object {
          "$$typeof": Symbol(react.provider),
          "_context": [Circular],
        },
        "_calculateChangedBits": null,
        "_currentRenderer": null,
        "_currentRenderer2": null,
        "_currentValue": Object {
          "selected_person": Object {},
        },
        "_currentValue2": Object {
          "selected_person": Object {},
        },
        "_threadCount": 0,
      }
    }
    match={
      Object {
        "isExact": true,
        "params": Object {
          "person_id": 1,
        },
        "path": "",
        "url": "",
      }
    }
  />
</testContext>
`;
