// Jest Snapshot v1, https://goo.gl/fbAQLP

exports[`SignUpPage component renders SignUpPage by default 1`] = `
<SignUpForm
  onSignUpSuccess={[Function]}
/>
`;
