// Jest Snapshot v1, https://goo.gl/fbAQLP

exports[`LogInPage component renders LogInPage by default 1`] = `
<LogInForm
  onLoginSuccess={[Function]}
/>
`;
