// Jest Snapshot v1, https://goo.gl/fbAQLP

exports[`Header component renders Header by default 1`] = `
<ContextConsumer>
  <Component />
</ContextConsumer>
`;

exports[`Header component renders the login / logout buttons 1`] = `null`;
