// Jest Snapshot v1, https://goo.gl/fbAQLP

exports[`PersonList component renders PersonList by default 1`] = `
<testContext>
  <PersonList
    context={
      Object {
        "$$typeof": Symbol(react.context),
        "Consumer": Object {
          "$$typeof": Symbol(react.context),
          "_calculateChangedBits": null,
          "_context": [Circular],
        },
        "Provider": Object {
          "$$typeof": Symbol(react.provider),
          "_context": [Circular],
        },
        "_calculateChangedBits": null,
        "_currentRenderer": null,
        "_currentRenderer2": null,
        "_currentValue": Object {
          "personArray": Array [],
        },
        "_currentValue2": Object {
          "personArray": Array [],
        },
        "_threadCount": 0,
      }
    }
  />
</testContext>
`;
